---
source: tests/snapshots.rs
expression: out
input_file: examples/deep.f
---
type Op = lam (F : * -> *). lam (a : (* -> *) -> *). F (a F)
type Strip = lam (F : * -> *). lam a. forall b. (forall c. F c -> b) -> a -> b
type Abs = lam (F : * -> *). forall a. forall b. (F a -> F b) -> F (F a -> F b)
type App = lam (F : * -> *). forall a. forall b. F (F a -> F b) -> F a -> F b
type TAbs = lam (F : * -> *). forall a. Strip F a -> a -> F a
type TApp = lam (F : * -> *). forall a. F a -> forall b. (a -> F b) -> F b
type Exp = lam (a : (* -> *) -> *). forall (F : * -> *). Abs F -> App F -> TAbs F -> TApp F -> Op F a
type Bot = forall a. a
type Pair = lam a. lam b. forall r. (a -> b -> r) -> r
mkPair : forall a. forall b. a -> b -> Pair a b
pfst : forall a. forall b. Pair a b -> a
psnd : forall a. forall b. Pair a b -> b
type QIdPre = lam (F : * -> *). forall a. F (F a -> F a)
qid : Exp QIdPre
type QMIdPre = lam (F : * -> *). forall (M : * -> *). F (forall a. F (F (M a) -> F (M a)))
qmid : Exp QMIdPre
type QIdLamPre = lam (F : * -> *). F Int -> F Int
qidLam : Exp QIdLamPre
type QIdIntPre = lam (F : * -> *). F Int -> F Int
qidInt : Exp QIdIntPre
type Id = lam a. a
unquote : forall (a : (* -> *) -> *). Exp a -> Op Id a
type KNat = lam a. Int
size : forall (a : (* -> *) -> *). Exp a -> Op KNat a
type KBool = lam a. Bool
isAbs : forall (a : (* -> *) -> *). Exp a -> Op KBool a
type PB = lam a. Pair Bool Bool
isNF : forall (a : (* -> *) -> *). Exp a -> Op PB a
type Ct = lam a. forall r. (a -> r) -> r
cps : forall (a : (* -> *) -> *). Exp a -> Op Ct a
42
99
7
5
2
3
1
3
false
true
false
true
true
true
false
1234
