---
source: tests/snapshots.rs
expression: out
input_file: examples/deep.f
---
type Op = lam (F : * -> *). lam (a : (* -> *) -> *). F (a F)
type Strip = lam (F : * -> *). lam a. forall b. (forall c. F c -> b) -> a -> b
type Abs = lam (F : * -> *). forall a. forall b. (F a -> F b) -> F (F a -> F b)
type App = lam (F : * -> *). forall a. forall b. F (F a -> F b) -> F a -> F b
type TAbs = lam (F : * -> *). forall a. Strip F a -> a -> F a
type TApp = lam (F : * -> *). forall a. F a -> forall b. (a -> F b) -> F b
type Exp = lam (a : (* -> *) -> *). forall (F : * -> *). Abs F -> App F -> TAbs F -> TApp F -> Op F a
type Bot = forall a. a
type QIdPre = lam (F : * -> *). forall a. F (F a -> F a)
qid : Exp QIdPre
type QMIdPre = lam (F : * -> *). forall (M : * -> *). F (forall a. F (F (M a) -> F (M a)))
qmid : Exp QMIdPre
type Id = lam a. a
unquote : forall (a : (* -> *) -> *). Exp a -> Op Id a
42
99
